// Jest Snapshot v1, https://goo.gl/fbAQLP

exports[`ForecastSummaries renders correctly 1`] = `
<DocumentFragment>
  <div
    class="forecast-summaries"
  >
    <div
      class="forecast-summary"
      data-testid="forecast-summary"
    >
      <div
        class="forecast-summary__date"
      >
        Mon Apr 30 2018
      </div>
      <div
        class="forecast-summary__icon"
        data-testid="forecast-icon"
      >
        <i
          class="wi wi-day-sunny"
          name="owm"
        />
      </div>
      <div
        class="forecast-summary__temperature"
      >
        11°C
      </div>
      <div
        class="forecast-summary__description"
      >
        Stub description
      </div>
      <button
        type="button"
      >
        More details
      </button>
    </div>
    <div
      class="forecast-summary"
      data-testid="forecast-summary"
    >
      <div
        class="forecast-summary__date"
      >
        Tue May 01 2018
      </div>
      <div
        class="forecast-summary__icon"
        data-testid="forecast-icon"
      >
        <i
          class="wi wi-day-thunderstorm"
          name="owm"
        />
      </div>
      <div
        class="forecast-summary__temperature"
      >
        13°C
      </div>
      <div
        class="forecast-summary__description"
      >
        Stub description2
      </div>
      <button
        type="button"
      >
        More details
      </button>
    </div>
  </div>
</DocumentFragment>
`;
