// Jest Snapshot v1, https://goo.gl/fbAQLP

exports[`LocationDetails renders correctly 1`] = `
<h2
  className="location"
>
  Test city, Test country
</h2>
`;
